Data Structures for Stress Analysis Run : Fri Jan 26 15:47:08 2024


CMaxStruct --->
devName = C
devType = CAP
topLevelRefDes = C5
refDes = C5
spiceDesig = C
scaldPath = C5
simTemp = 27
simTime = 1e-06
        CMaxParam ------>
        keyword = CV
        description = Maximum voltage
        maxOpStatus = 100
        maxOpValue = 50
        maxOpMask = 7
        errorLevel = 0
        peakDeratedMax = 50
        averageDeratedMax = 50
        rmsDeratedMax = 50
        peak = 0.696859
        average = 0.696859
        rms = 0.696859
        peakPercent = 1.39372
        averagePercent = 1.39372
        rmsPercent = 1.39372
        node1Index = -1
        node1 = 1
        node2Index = -1
        node2 = 2
        currentIndex = -1
        lastValue = 0
        CMaxParam ------>
        keyword = CI
        description = Maximum current
        maxOpStatus = 100
        maxOpValue = 1
        maxOpMask = 7
        errorLevel = 0
        peakDeratedMax = 1
        averageDeratedMax = 1
        rmsDeratedMax = 1
        peak = 1.7053e-13
        average = 3.28634e-14
        rms = 3.98421e-14
        peakPercent = 1.7053e-11
        averagePercent = 3.28626e-12
        rmsPercent = 3.9857e-12
        node1Index = -1
        node2Index = -1
        currentIndex = 0
        portName = 1
        lastValue = 0
CMaxStruct --->
devName = awbresistor
devType = RES
topLevelRefDes = R4
refDes = R4
spiceDesig = X
scaldPath = R4
simTemp = 27
simTime = 1e-06
        CMaxParam ------>
        keyword = PDM
        description = Maximum power dissipation
        maxOpStatus = 100
        maxOpValue = 0.25
        maxOpMask = 6
        errorLevel = 0
        peakDeratedMax = 0.25
        averageDeratedMax = 0.25
        rmsDeratedMax = 0.25
        peak = 5.07249e-20
        average = -2.34672e-19
        rms = 2.78216e-19
        peakPercent = 0
        averagePercent = 0
        rmsPercent = 0
        node1Index = -1
        node2Index = -1
        currentIndex = -1
        lastValue = 0
        CMaxParam ------>
        keyword = TB
        description = Maximum breakdown temperature
        maxOpStatus = 100
        maxOpValue = 200
        maxOpMask = 3
        errorLevel = 0
        peakDeratedMax = 200
        averageDeratedMax = 200
        rmsDeratedMax = 200
        peak = 27
        average = 27
        rms = 27
        peakPercent = 13.5
        averagePercent = 13.5
        rmsPercent = 13.5
        node1Index = -1
        node2Index = -1
        currentIndex = -1
        lastValue = 0
CMaxStruct --->
devName = awbresistor
devType = RES
topLevelRefDes = R8
refDes = R8
spiceDesig = X
scaldPath = R8
simTemp = 27
simTime = 1e-06
        CMaxParam ------>
        keyword = PDM
        description = Maximum power dissipation
        maxOpStatus = 100
        maxOpValue = 0.25
        maxOpMask = 6
        errorLevel = 0
        peakDeratedMax = 0.25
        averageDeratedMax = 0.25
        rmsDeratedMax = 0.25
        peak = 3.8311e-05
        average = 3.8311e-05
        rms = 3.8311e-05
        peakPercent = 0.0153244
        averagePercent = 0.0153244
        rmsPercent = 0.0153244
        node1Index = -1
        node2Index = -1
        currentIndex = -1
        lastValue = 0
        CMaxParam ------>
        keyword = TB
        description = Maximum breakdown temperature
        maxOpStatus = 100
        maxOpValue = 200
        maxOpMask = 3
        errorLevel = 0
        peakDeratedMax = 200
        averageDeratedMax = 200
        rmsDeratedMax = 200
        peak = 27.0188
        average = 27.0188
        rms = 27.0188
        peakPercent = 13.5094
        averagePercent = 13.5094
        rmsPercent = 13.5094
        node1Index = -1
        node2Index = -1
        currentIndex = -1
        lastValue = 0
CMaxStruct --->
devName = awbresistor
devType = RES
topLevelRefDes = R7
refDes = R7
spiceDesig = X
scaldPath = R7
simTemp = 27
simTime = 1e-06
        CMaxParam ------>
        keyword = PDM
        description = Maximum power dissipation
        maxOpStatus = 100
        maxOpValue = 0.25
        maxOpMask = 6
        errorLevel = 0
        peakDeratedMax = 0.25
        averageDeratedMax = 0.25
        rmsDeratedMax = 0.25
        peak = 8.33095e-05
        average = 8.33095e-05
        rms = 8.33095e-05
        peakPercent = 0.0333238
        averagePercent = 0.0333238
        rmsPercent = 0.0333238
        node1Index = -1
        node2Index = -1
        currentIndex = -1
        lastValue = 0
        CMaxParam ------>
        keyword = TB
        description = Maximum breakdown temperature
        maxOpStatus = 100
        maxOpValue = 200
        maxOpMask = 3
        errorLevel = 0
        peakDeratedMax = 200
        averageDeratedMax = 200
        rmsDeratedMax = 200
        peak = 27.041
        average = 27.041
        rms = 27.041
        peakPercent = 13.5205
        averagePercent = 13.5205
        rmsPercent = 13.5205
        node1Index = -1
        node2Index = -1
        currentIndex = -1
        lastValue = 0
CMaxStruct --->
devName = BZT55B10
devType = DIODE
topLevelRefDes = D1
refDes = D1
spiceDesig = X
scaldPath = D1
simTemp = 27
simTime = 1e-06
        CMaxParam ------>
        keyword = IF
        description = Max Forward Current
        maxOpStatus = 101
        maxOpValue = 1e+35
        maxOpMask = 3
        errorLevel = 1
        peakDeratedMax = 1e+35
        averageDeratedMax = 1e+35
        rmsDeratedMax = 1e+35
        peak = -1e+100
        average = 0
        rms = 0
        peakPercent = 0
        averagePercent = 0
        rmsPercent = 0
        node1Index = -1
        node2Index = -1
        currentIndex = -1
        portName = A
        lastValue = 0
        CMaxParam ------>
        keyword = IRMX
        description = Max Reverse Current
        maxOpStatus = 100
        maxOpValue = 0.05102
        maxOpMask = 1
        errorLevel = 0
        peakDeratedMax = 0.05102
        averageDeratedMax = 0.05102
        rmsDeratedMax = 0.05102
        peak = -9.2902e-05
        average = -9.2902e-05
        rms = 9.2902e-05
        peakPercent = 0
        averagePercent = 0
        rmsPercent = 0.182089
        node1Index = -1
        node2Index = -1
        currentIndex = -1
        portName = A
        lastValue = 0
        CMaxParam ------>
        keyword = PDM
        description = Maximum power dissipation
        maxOpStatus = 100
        maxOpValue = 0.296
        maxOpMask = 6
        errorLevel = 0
        peakDeratedMax = 0.296
        averageDeratedMax = 0.296
        rmsDeratedMax = 0.296
        peak = 3.79249e-05
        average = 3.79249e-05
        rms = 3.79249e-05
        peakPercent = 0.0128125
        averagePercent = 0.0128125
        rmsPercent = 0.0128125
        node1Index = -1
        node2Index = -1
        currentIndex = -1
        lastValue = 0
        CMaxParam ------>
        keyword = TJ
        description = Maximum junction temperature
        maxOpStatus = 100
        maxOpValue = 175
        maxOpMask = 3
        errorLevel = 0
        peakDeratedMax = 175
        averageDeratedMax = 175
        rmsDeratedMax = 175
        peak = 27.019
        average = 27.019
        rms = 27.019
        peakPercent = 15.4394
        averagePercent = 15.4394
        rmsPercent = 15.4394
        node1Index = -1
        node2Index = -1
        currentIndex = -1
        lastValue = 0
CMaxStruct --->
devName = awbresistor
devType = RES
topLevelRefDes = R9
refDes = R9
spiceDesig = X
scaldPath = R9
simTemp = 27
simTime = 1e-06
        CMaxParam ------>
        keyword = PDM
        description = Maximum power dissipation
        maxOpStatus = 100
        maxOpValue = 0.25
        maxOpMask = 6
        errorLevel = 0
        peakDeratedMax = 0.25
        averageDeratedMax = 0.25
        rmsDeratedMax = 0.25
        peak = 4.51534e-05
        average = 4.51534e-05
        rms = 4.51534e-05
        peakPercent = 0.0180614
        averagePercent = 0.0180614
        rmsPercent = 0.0180614
        node1Index = -1
        node2Index = -1
        currentIndex = -1
        lastValue = 0
        CMaxParam ------>
        keyword = TB
        description = Maximum breakdown temperature
        maxOpStatus = 100
        maxOpValue = 200
        maxOpMask = 3
        errorLevel = 0
        peakDeratedMax = 200
        averageDeratedMax = 200
        rmsDeratedMax = 200
        peak = 27.0222
        average = 27.0222
        rms = 27.0222
        peakPercent = 13.5111
        averagePercent = 13.5111
        rmsPercent = 13.5111
        node1Index = -1
        node2Index = -1
        currentIndex = -1
        lastValue = 0
CMaxStruct --->
devName = C
devType = CAP
topLevelRefDes = C3
refDes = C3
spiceDesig = C
scaldPath = C3
simTemp = 27
simTime = 1e-06
        CMaxParam ------>
        keyword = CV
        description = Maximum voltage
        maxOpStatus = 100
        maxOpValue = 50
        maxOpMask = 7
        errorLevel = 0
        peakDeratedMax = 50
        averageDeratedMax = 50
        rmsDeratedMax = 50
        peak = 0.696859
        average = 0.696859
        rms = 0.696859
        peakPercent = 1.39372
        averagePercent = 1.39372
        rmsPercent = 1.39372
        node1Index = -1
        node1 = 1
        node2Index = -1
        node2 = 2
        currentIndex = -1
        lastValue = 0
        CMaxParam ------>
        keyword = CI
        description = Maximum current
        maxOpStatus = 100
        maxOpValue = 1
        maxOpMask = 7
        errorLevel = 0
        peakDeratedMax = 1
        averageDeratedMax = 1
        rmsDeratedMax = 1
        peak = 1.33227e-15
        average = 3.22284e-16
        rms = 3.407e-16
        peakPercent = 1.33227e-13
        averagePercent = 3.33067e-14
        rmsPercent = 3.33067e-14
        node1Index = -1
        node2Index = -1
        currentIndex = 0
        portName = 1
        lastValue = 0
CMaxStruct --->
devName = awbresistor
devType = RES
topLevelRefDes = R3
refDes = R3
spiceDesig = X
scaldPath = R3
simTemp = 27
simTime = 1e-06
        CMaxParam ------>
        keyword = PDM
        description = Maximum power dissipation
        maxOpStatus = 100
        maxOpValue = 0.25
        maxOpMask = 6
        errorLevel = 0
        peakDeratedMax = 0.25
        averageDeratedMax = 0.25
        rmsDeratedMax = 0.25
        peak = 5.28905e-09
        average = 5.28903e-09
        rms = 5.28903e-09
        peakPercent = 2.11562e-06
        averagePercent = 2.11561e-06
        rmsPercent = 2.11561e-06
        node1Index = -1
        node2Index = -1
        currentIndex = -1
        lastValue = 0
        CMaxParam ------>
        keyword = TB
        description = Maximum breakdown temperature
        maxOpStatus = 100
        maxOpValue = 200
        maxOpMask = 3
        errorLevel = 0
        peakDeratedMax = 200
        averageDeratedMax = 200
        rmsDeratedMax = 200
        peak = 27
        average = 27
        rms = 27
        peakPercent = 13.5
        averagePercent = 13.5
        rmsPercent = 13.5
        node1Index = -1
        node2Index = -1
        currentIndex = -1
        lastValue = 0
CMaxStruct --->
devName = C
devType = CAP
topLevelRefDes = C4
refDes = C4
spiceDesig = C
scaldPath = C4
simTemp = 27
simTime = 1e-06
        CMaxParam ------>
        keyword = CV
        description = Maximum voltage
        maxOpStatus = 100
        maxOpValue = 50
        maxOpMask = 7
        errorLevel = 0
        peakDeratedMax = 50
        averageDeratedMax = 50
        rmsDeratedMax = 50
        peak = 0.0345875
        average = 0.0345875
        rms = 0.0345875
        peakPercent = 0.069175
        averagePercent = 0.069175
        rmsPercent = 0.069175
        node1Index = -1
        node1 = 1
        node2Index = -1
        node2 = 2
        currentIndex = -1
        lastValue = 0
        CMaxParam ------>
        keyword = CI
        description = Maximum current
        maxOpStatus = 100
        maxOpValue = 1
        maxOpMask = 7
        errorLevel = 0
        peakDeratedMax = 1
        averageDeratedMax = 1
        rmsDeratedMax = 1
        peak = 1.03242e-11
        average = 1.74945e-13
        rms = 5.01822e-13
        peakPercent = 1.03242e-09
        averagePercent = 1.74971e-11
        rmsPercent = 5.01821e-11
        node1Index = -1
        node2Index = -1
        currentIndex = 0
        portName = 1
        lastValue = 0
CMaxStruct --->
devName = awbresistor
devType = RES
topLevelRefDes = R1
refDes = R1
spiceDesig = X
scaldPath = R1
simTemp = 27
simTime = 1e-06
        CMaxParam ------>
        keyword = PDM
        description = Maximum power dissipation
        maxOpStatus = 100
        maxOpValue = 0.25
        maxOpMask = 6
        errorLevel = 0
        peakDeratedMax = 0.25
        averageDeratedMax = 0.25
        rmsDeratedMax = 0.25
        peak = 1.91277e-19
        average = -4.86881e-20
        rms = 1.22154e-19
        peakPercent = 0
        averagePercent = 0
        rmsPercent = 0
        node1Index = -1
        node2Index = -1
        currentIndex = -1
        lastValue = 0
        CMaxParam ------>
        keyword = TB
        description = Maximum breakdown temperature
        maxOpStatus = 100
        maxOpValue = 200
        maxOpMask = 3
        errorLevel = 0
        peakDeratedMax = 200
        averageDeratedMax = 200
        rmsDeratedMax = 200
        peak = 27
        average = 27
        rms = 27
        peakPercent = 13.5
        averagePercent = 13.5
        rmsPercent = 13.5
        node1Index = -1
        node2Index = -1
        currentIndex = -1
        lastValue = 0
CMaxStruct --->
devName = awbresistor
devType = RES
topLevelRefDes = R2
refDes = R2
spiceDesig = X
scaldPath = R2
simTemp = 27
simTime = 1e-06
        CMaxParam ------>
        keyword = PDM
        description = Maximum power dissipation
        maxOpStatus = 100
        maxOpValue = 0.25
        maxOpMask = 6
        errorLevel = 0
        peakDeratedMax = 0.25
        averageDeratedMax = 0.25
        rmsDeratedMax = 0.25
        peak = 1.94876e-19
        average = -3.83326e-19
        rms = 3.9433e-19
        peakPercent = 0
        averagePercent = 0
        rmsPercent = 0
        node1Index = -1
        node2Index = -1
        currentIndex = -1
        lastValue = 0
        CMaxParam ------>
        keyword = TB
        description = Maximum breakdown temperature
        maxOpStatus = 100
        maxOpValue = 200
        maxOpMask = 3
        errorLevel = 0
        peakDeratedMax = 200
        averageDeratedMax = 200
        rmsDeratedMax = 200
        peak = 27
        average = 27
        rms = 27
        peakPercent = 13.5
        averagePercent = 13.5
        rmsPercent = 13.5
        node1Index = -1
        node2Index = -1
        currentIndex = -1
        lastValue = 0
CMaxStruct --->
devName = C
devType = CAP
topLevelRefDes = C6
refDes = C6
spiceDesig = C
scaldPath = C6
simTemp = 27
simTime = 1e-06
        CMaxParam ------>
        keyword = CV
        description = Maximum voltage
        maxOpStatus = 100
        maxOpValue = 50
        maxOpMask = 7
        errorLevel = 0
        peakDeratedMax = 50
        averageDeratedMax = 50
        rmsDeratedMax = 50
        peak = 0.4646
        average = 0.4646
        rms = 0.4646
        peakPercent = 0.9292
        averagePercent = 0.9292
        rmsPercent = 0.9292
        node1Index = -1
        node1 = 1
        node2Index = -1
        node2 = 2
        currentIndex = -1
        lastValue = 0
        CMaxParam ------>
        keyword = CI
        description = Maximum current
        maxOpStatus = 100
        maxOpValue = 1
        maxOpMask = 7
        errorLevel = 0
        peakDeratedMax = 1
        averageDeratedMax = 1
        rmsDeratedMax = 1
        peak = 1.37706e-13
        average = 1.75193e-15
        rms = 6.69302e-15
        peakPercent = 1.37668e-11
        averagePercent = 1.77636e-13
        rmsPercent = 6.66134e-13
        node1Index = -1
        node2Index = -1
        currentIndex = 0
        portName = 1
        lastValue = 0
CMaxStruct --->
devName = C
devType = CAP
topLevelRefDes = C1
refDes = C1
spiceDesig = C
scaldPath = C1
simTemp = 27
simTime = 1e-06
        CMaxParam ------>
        keyword = CV
        description = Maximum voltage
        maxOpStatus = 100
        maxOpValue = 50
        maxOpMask = 7
        errorLevel = 0
        peakDeratedMax = 50
        averageDeratedMax = 50
        rmsDeratedMax = 50
        peak = 0.4646
        average = 0.4646
        rms = 0.4646
        peakPercent = 0.9292
        averagePercent = 0.9292
        rmsPercent = 0.9292
        node1Index = -1
        node1 = 1
        node2Index = -1
        node2 = 2
        currentIndex = -1
        lastValue = 0
        CMaxParam ------>
        keyword = CI
        description = Maximum current
        maxOpStatus = 100
        maxOpValue = 1
        maxOpMask = 7
        errorLevel = 0
        peakDeratedMax = 1
        averageDeratedMax = 1
        rmsDeratedMax = 1
        peak = 1.37712e-11
        average = 1.75191e-13
        rms = 6.69296e-13
        peakPercent = 1.37712e-09
        averagePercent = 1.75193e-11
        rmsPercent = 6.69242e-11
        node1Index = -1
        node2Index = -1
        currentIndex = 0
        portName = 1
        lastValue = 0
CMaxStruct --->
devName = C
devType = CAP
topLevelRefDes = C7
refDes = C7
spiceDesig = C
scaldPath = C7
simTemp = 27
simTime = 1e-06
        CMaxParam ------>
        keyword = CV
        description = Maximum voltage
        maxOpStatus = 100
        maxOpValue = 50
        maxOpMask = 7
        errorLevel = 0
        peakDeratedMax = 50
        averageDeratedMax = 50
        rmsDeratedMax = 50
        peak = 0.499188
        average = 0.499188
        rms = 0.499188
        peakPercent = 0.998375
        averagePercent = 0.998375
        rmsPercent = 0.998375
        node1Index = -1
        node1 = 1
        node2Index = -1
        node2 = 2
        currentIndex = -1
        lastValue = 0
        CMaxParam ------>
        keyword = CI
        description = Maximum current
        maxOpStatus = 100
        maxOpValue = 1
        maxOpMask = 7
        errorLevel = 0
        peakDeratedMax = 1
        averageDeratedMax = 1
        rmsDeratedMax = 1
        peak = 1.3874e-13
        average = 1.73439e-15
        rms = 6.69332e-15
        peakPercent = 1.38778e-11
        averagePercent = 1.77636e-13
        rmsPercent = 6.66134e-13
        node1Index = -1
        node2Index = -1
        currentIndex = 0
        portName = 1
        lastValue = 0
CMaxStruct --->
devName = C
devType = CAP
topLevelRefDes = C2
refDes = C2
spiceDesig = C
scaldPath = C2
simTemp = 27
simTime = 1e-06
        CMaxParam ------>
        keyword = CV
        description = Maximum voltage
        maxOpStatus = 100
        maxOpValue = 50
        maxOpMask = 7
        errorLevel = 0
        peakDeratedMax = 50
        averageDeratedMax = 50
        rmsDeratedMax = 50
        peak = 0.499188
        average = 0.499188
        rms = 0.499188
        peakPercent = 0.998375
        averagePercent = 0.998375
        rmsPercent = 0.998375
        node1Index = -1
        node1 = 1
        node2Index = -1
        node2 = 2
        currentIndex = -1
        lastValue = 0
        CMaxParam ------>
        keyword = CI
        description = Maximum current
        maxOpStatus = 100
        maxOpValue = 1
        maxOpMask = 7
        errorLevel = 0
        peakDeratedMax = 1
        averageDeratedMax = 1
        rmsDeratedMax = 1
        peak = 1.38738e-11
        average = 1.73446e-13
        rms = 6.69359e-13
        peakPercent = 1.38738e-09
        averagePercent = 1.73417e-11
        rmsPercent = 6.69353e-11
        node1Index = -1
        node2Index = -1
        currentIndex = 0
        portName = 1
        lastValue = 0
